Archive member included because of file (symbol)

/home/marcel/LPCXpresso/workspace/lpc_chip_11cxx_lib/Debug/liblpc_chip_11cxx_lib.a(chip_11xx.o)
                              ./src/mm-test.o (SystemCoreClock)
/home/marcel/LPCXpresso/workspace/lpc_chip_11cxx_lib/Debug/liblpc_chip_11cxx_lib.a(clock_11xx.o)
                              /home/marcel/LPCXpresso/workspace/lpc_chip_11cxx_lib/Debug/liblpc_chip_11cxx_lib.a(chip_11xx.o) (Chip_Clock_GetSystemClockRate)
/home/marcel/LPCXpresso/workspace/lpc_chip_11cxx_lib/Debug/liblpc_chip_11cxx_lib.a(gpio_11xx_2.o)
                              ./src/mm-test.o (Chip_GPIO_Init)
/home/marcel/LPCXpresso/workspace/lpc_chip_11cxx_lib/Debug/liblpc_chip_11cxx_lib.a(sysinit_11xx.o)
                              ./src/sysinit.o (Chip_SystemInit)
/home/marcel/LPCXpresso/workspace/lpc_chip_11cxx_lib/Debug/liblpc_chip_11cxx_lib.a(sysctl_11xx.o)
                              /home/marcel/LPCXpresso/workspace/lpc_chip_11cxx_lib/Debug/liblpc_chip_11cxx_lib.a(sysinit_11xx.o) (Chip_SYSCTL_PowerDown)
/usr/local/lpcxpresso_8.0.0_526/lpcxpresso/tools/bin/../lib/gcc/arm-none-eabi/4.9.3/../../../../arm-none-eabi/lib/armv6-m/libcr_c.a(__weak__main.o)
                              ./src/cr_startup_lpc11xx.o (__main)
/usr/local/lpcxpresso_8.0.0_526/lpcxpresso/tools/bin/../lib/gcc/arm-none-eabi/4.9.3/armv6-m/libcr_eabihelpers.a(division_32.o)
                              ./src/mm-test.o (__aeabi_uidiv)
/usr/local/lpcxpresso_8.0.0_526/lpcxpresso/tools/bin/../lib/gcc/arm-none-eabi/4.9.3/armv6-m/libcr_eabihelpers.a(division_idiv0.o)
                              /usr/local/lpcxpresso_8.0.0_526/lpcxpresso/tools/bin/../lib/gcc/arm-none-eabi/4.9.3/armv6-m/libcr_eabihelpers.a(division_32.o) (__aeabi_idiv0)

Allocating common symbols
Common symbol       size              file

SystemCoreClock     0x4               /home/marcel/LPCXpresso/workspace/lpc_chip_11cxx_lib/Debug/liblpc_chip_11cxx_lib.a(chip_11xx.o)

Discarded input sections

 .group         0x00000000        0x8 ./src/cr_startup_lpc11xx.o
 .text          0x00000000        0x0 ./src/cr_startup_lpc11xx.o
 .data          0x00000000        0x0 ./src/cr_startup_lpc11xx.o
 .bss           0x00000000        0x0 ./src/cr_startup_lpc11xx.o
 .group         0x00000000        0x8 ./src/crp.o
 .group         0x00000000        0x8 ./src/crp.o
 .text          0x00000000        0x0 ./src/crp.o
 .data          0x00000000        0x0 ./src/crp.o
 .bss           0x00000000        0x0 ./src/crp.o
 .debug_macro   0x00000000      0x83e ./src/crp.o
 .group         0x00000000        0x8 ./src/mm-test.o
 .group         0x00000000        0x8 ./src/mm-test.o
 .group         0x00000000        0x8 ./src/mm-test.o
 .group         0x00000000        0x8 ./src/mm-test.o
 .group         0x00000000        0x8 ./src/mm-test.o
 .group         0x00000000        0x8 ./src/mm-test.o
 .group         0x00000000        0x8 ./src/mm-test.o
 .group         0x00000000        0x8 ./src/mm-test.o
 .group         0x00000000        0x8 ./src/mm-test.o
 .group         0x00000000        0x8 ./src/mm-test.o
 .group         0x00000000        0x8 ./src/mm-test.o
 .group         0x00000000        0x8 ./src/mm-test.o
 .group         0x00000000        0x8 ./src/mm-test.o
 .group         0x00000000        0x8 ./src/mm-test.o
 .group         0x00000000        0x8 ./src/mm-test.o
 .group         0x00000000        0x8 ./src/mm-test.o
 .group         0x00000000        0x8 ./src/mm-test.o
 .group         0x00000000        0x8 ./src/mm-test.o
 .group         0x00000000        0x8 ./src/mm-test.o
 .group         0x00000000        0x8 ./src/mm-test.o
 .group         0x00000000        0x8 ./src/mm-test.o
 .group         0x00000000        0x8 ./src/mm-test.o
 .group         0x00000000        0x8 ./src/mm-test.o
 .group         0x00000000        0x8 ./src/mm-test.o
 .group         0x00000000        0x8 ./src/mm-test.o
 .text          0x00000000        0x0 ./src/mm-test.o
 .data          0x00000000        0x0 ./src/mm-test.o
 .bss           0x00000000        0x0 ./src/mm-test.o
 .debug_macro   0x00000000      0x83e ./src/mm-test.o
 .group         0x00000000        0x8 ./src/sysinit.o
 .group         0x00000000        0x8 ./src/sysinit.o
 .group         0x00000000        0x8 ./src/sysinit.o
 .group         0x00000000        0x8 ./src/sysinit.o
 .group         0x00000000        0x8 ./src/sysinit.o
 .group         0x00000000        0x8 ./src/sysinit.o
 .group         0x00000000        0x8 ./src/sysinit.o
 .group         0x00000000        0x8 ./src/sysinit.o
 .group         0x00000000        0x8 ./src/sysinit.o
 .group         0x00000000        0x8 ./src/sysinit.o
 .group         0x00000000        0x8 ./src/sysinit.o
 .group         0x00000000        0x8 ./src/sysinit.o
 .group         0x00000000        0x8 ./src/sysinit.o
 .group         0x00000000        0x8 ./src/sysinit.o
 .group         0x00000000        0x8 ./src/sysinit.o
 .group         0x00000000        0x8 ./src/sysinit.o
 .group         0x00000000        0x8 ./src/sysinit.o
 .group         0x00000000        0x8 ./src/sysinit.o
 .group         0x00000000        0x8 ./src/sysinit.o
 .group         0x00000000        0x8 ./src/sysinit.o
 .group         0x00000000        0x8 ./src/sysinit.o
 .group         0x00000000        0x8 ./src/sysinit.o
 .group         0x00000000        0x8 ./src/sysinit.o
 .group         0x00000000        0x8 ./src/sysinit.o
 .text          0x00000000        0x0 ./src/sysinit.o
 .data          0x00000000        0x0 ./src/sysinit.o
 .bss           0x00000000        0x0 ./src/sysinit.o
 .rodata.ExtRateIn
                0x00000000        0x4 ./src/sysinit.o
 .debug_macro   0x00000000      0x83e ./src/sysinit.o
 .debug_macro   0x00000000       0x10 ./src/sysinit.o
 .debug_macro   0x00000000      0x12d ./src/sysinit.o
 .debug_macro   0x00000000      0x5b2 ./src/sysinit.o
 .debug_macro   0x00000000       0x22 ./src/sysinit.o
 .debug_macro   0x00000000       0x7b ./src/sysinit.o
 .debug_macro   0x00000000       0x10 ./src/sysinit.o
 .debug_macro   0x00000000       0x1f ./src/sysinit.o
 .debug_macro   0x00000000       0x3a ./src/sysinit.o
 .debug_macro   0x00000000      0x241 ./src/sysinit.o
 .debug_macro   0x00000000      0x117 ./src/sysinit.o
 .debug_macro   0x00000000       0x22 ./src/sysinit.o
 .debug_macro   0x00000000       0xb2 ./src/sysinit.o
 .debug_macro   0x00000000       0x10 ./src/sysinit.o
 .debug_macro   0x00000000      0x137 ./src/sysinit.o
 .debug_macro   0x00000000       0x4c ./src/sysinit.o
 .debug_macro   0x00000000       0x16 ./src/sysinit.o
 .debug_macro   0x00000000      0x31a ./src/sysinit.o
 .debug_macro   0x00000000       0x2e ./src/sysinit.o
 .debug_macro   0x00000000       0xb8 ./src/sysinit.o
 .debug_macro   0x00000000       0x11 ./src/sysinit.o
 .debug_macro   0x00000000       0x7c ./src/sysinit.o
 .debug_macro   0x00000000      0x21c ./src/sysinit.o
 .debug_macro   0x00000000      0x113 ./src/sysinit.o
 .group         0x00000000        0x8 /home/marcel/LPCXpresso/workspace/lpc_chip_11cxx_lib/Debug/liblpc_chip_11cxx_lib.a(chip_11xx.o)
 .group         0x00000000        0x8 /home/marcel/LPCXpresso/workspace/lpc_chip_11cxx_lib/Debug/liblpc_chip_11cxx_lib.a(chip_11xx.o)
 .group         0x00000000        0x8 /home/marcel/LPCXpresso/workspace/lpc_chip_11cxx_lib/Debug/liblpc_chip_11cxx_lib.a(chip_11xx.o)
 .group         0x00000000        0x8 /home/marcel/LPCXpresso/workspace/lpc_chip_11cxx_lib/Debug/liblpc_chip_11cxx_lib.a(chip_11xx.o)
 .group         0x00000000        0x8 /home/marcel/LPCXpresso/workspace/lpc_chip_11cxx_lib/Debug/liblpc_chip_11cxx_lib.a(chip_11xx.o)
 .group         0x00000000        0x8 /home/marcel/LPCXpresso/workspace/lpc_chip_11cxx_lib/Debug/liblpc_chip_11cxx_lib.a(chip_11xx.o)
 .group         0x00000000        0x8 /home/marcel/LPCXpresso/workspace/lpc_chip_11cxx_lib/Debug/liblpc_chip_11cxx_lib.a(chip_11xx.o)
 .group         0x00000000        0x8 /home/marcel/LPCXpresso/workspace/lpc_chip_11cxx_lib/Debug/liblpc_chip_11cxx_lib.a(chip_11xx.o)
 .group         0x00000000        0x8 /home/marcel/LPCXpresso/workspace/lpc_chip_11cxx_lib/Debug/liblpc_chip_11cxx_lib.a(chip_11xx.o)
 .group         0x00000000        0x8 /home/marcel/LPCXpresso/workspace/lpc_chip_11cxx_lib/Debug/liblpc_chip_11cxx_lib.a(chip_11xx.o)
 .group         0x00000000        0x8 /home/marcel/LPCXpresso/workspace/lpc_chip_11cxx_lib/Debug/liblpc_chip_11cxx_lib.a(chip_11xx.o)
 .group         0x00000000        0x8 /home/marcel/LPCXpresso/workspace/lpc_chip_11cxx_lib/Debug/liblpc_chip_11cxx_lib.a(chip_11xx.o)
 .group         0x00000000        0x8 /home/marcel/LPCXpresso/workspace/lpc_chip_11cxx_lib/Debug/liblpc_chip_11cxx_lib.a(chip_11xx.o)
 .group         0x00000000        0x8 /home/marcel/LPCXpresso/workspace/lpc_chip_11cxx_lib/Debug/liblpc_chip_11cxx_lib.a(chip_11xx.o)
 .group         0x00000000        0x8 /home/marcel/LPCXpresso/workspace/lpc_chip_11cxx_lib/Debug/liblpc_chip_11cxx_lib.a(chip_11xx.o)
 .group         0x00000000        0x8 /home/marcel/LPCXpresso/workspace/lpc_chip_11cxx_lib/Debug/liblpc_chip_11cxx_lib.a(chip_11xx.o)
 .group         0x00000000        0x8 /home/marcel/LPCXpresso/workspace/lpc_chip_11cxx_lib/Debug/liblpc_chip_11cxx_lib.a(chip_11xx.o)
 .group         0x00000000        0x8 /home/marcel/LPCXpresso/workspace/lpc_chip_11cxx_lib/Debug/liblpc_chip_11cxx_lib.a(chip_11xx.o)
 .group         0x00000000        0x8 /home/marcel/LPCXpresso/workspace/lpc_chip_11cxx_lib/Debug/liblpc_chip_11cxx_lib.a(chip_11xx.o)
 .group         0x00000000        0x8 /home/marcel/LPCXpresso/workspace/lpc_chip_11cxx_lib/Debug/liblpc_chip_11cxx_lib.a(chip_11xx.o)
 .group         0x00000000        0x8 /home/marcel/LPCXpresso/workspace/lpc_chip_11cxx_lib/Debug/liblpc_chip_11cxx_lib.a(chip_11xx.o)
 .group         0x00000000        0x8 /home/marcel/LPCXpresso/workspace/lpc_chip_11cxx_lib/Debug/liblpc_chip_11cxx_lib.a(chip_11xx.o)
 .group         0x00000000        0x8 /home/marcel/LPCXpresso/workspace/lpc_chip_11cxx_lib/Debug/liblpc_chip_11cxx_lib.a(chip_11xx.o)
 .group         0x00000000        0x8 /home/marcel/LPCXpresso/workspace/lpc_chip_11cxx_lib/Debug/liblpc_chip_11cxx_lib.a(chip_11xx.o)
 .text          0x00000000        0x0 /home/marcel/LPCXpresso/workspace/lpc_chip_11cxx_lib/Debug/liblpc_chip_11cxx_lib.a(chip_11xx.o)
 .data          0x00000000        0x0 /home/marcel/LPCXpresso/workspace/lpc_chip_11cxx_lib/Debug/liblpc_chip_11cxx_lib.a(chip_11xx.o)
 .bss           0x00000000        0x0 /home/marcel/LPCXpresso/workspace/lpc_chip_11cxx_lib/Debug/liblpc_chip_11cxx_lib.a(chip_11xx.o)
 .debug_macro   0x00000000       0x10 /home/marcel/LPCXpresso/workspace/lpc_chip_11cxx_lib/Debug/liblpc_chip_11cxx_lib.a(chip_11xx.o)
 .debug_macro   0x00000000      0x12d /home/marcel/LPCXpresso/workspace/lpc_chip_11cxx_lib/Debug/liblpc_chip_11cxx_lib.a(chip_11xx.o)
 .debug_macro   0x00000000      0x5b2 /home/marcel/LPCXpresso/workspace/lpc_chip_11cxx_lib/Debug/liblpc_chip_11cxx_lib.a(chip_11xx.o)
 .debug_macro   0x00000000       0x22 /home/marcel/LPCXpresso/workspace/lpc_chip_11cxx_lib/Debug/liblpc_chip_11cxx_lib.a(chip_11xx.o)
 .debug_macro   0x00000000       0x7b /home/marcel/LPCXpresso/workspace/lpc_chip_11cxx_lib/Debug/liblpc_chip_11cxx_lib.a(chip_11xx.o)
 .debug_macro   0x00000000       0x10 /home/marcel/LPCXpresso/workspace/lpc_chip_11cxx_lib/Debug/liblpc_chip_11cxx_lib.a(chip_11xx.o)
 .debug_macro   0x00000000       0x1f /home/marcel/LPCXpresso/workspace/lpc_chip_11cxx_lib/Debug/liblpc_chip_11cxx_lib.a(chip_11xx.o)
 .debug_macro   0x00000000       0x3a /home/marcel/LPCXpresso/workspace/lpc_chip_11cxx_lib/Debug/liblpc_chip_11cxx_lib.a(chip_11xx.o)
 .debug_macro   0x00000000      0x241 /home/marcel/LPCXpresso/workspace/lpc_chip_11cxx_lib/Debug/liblpc_chip_11cxx_lib.a(chip_11xx.o)
 .debug_macro   0x00000000      0x117 /home/marcel/LPCXpresso/workspace/lpc_chip_11cxx_lib/Debug/liblpc_chip_11cxx_lib.a(chip_11xx.o)
 .debug_macro   0x00000000       0x22 /home/marcel/LPCXpresso/workspace/lpc_chip_11cxx_lib/Debug/liblpc_chip_11cxx_lib.a(chip_11xx.o)
 .debug_macro   0x00000000       0xb2 /home/marcel/LPCXpresso/workspace/lpc_chip_11cxx_lib/Debug/liblpc_chip_11cxx_lib.a(chip_11xx.o)
 .debug_macro   0x00000000       0x10 /home/marcel/LPCXpresso/workspace/lpc_chip_11cxx_lib/Debug/liblpc_chip_11cxx_lib.a(chip_11xx.o)
 .debug_macro   0x00000000      0x137 /home/marcel/LPCXpresso/workspace/lpc_chip_11cxx_lib/Debug/liblpc_chip_11cxx_lib.a(chip_11xx.o)
 .debug_macro   0x00000000       0x4c /home/marcel/LPCXpresso/workspace/lpc_chip_11cxx_lib/Debug/liblpc_chip_11cxx_lib.a(chip_11xx.o)
 .debug_macro   0x00000000       0x16 /home/marcel/LPCXpresso/workspace/lpc_chip_11cxx_lib/Debug/liblpc_chip_11cxx_lib.a(chip_11xx.o)
 .debug_macro   0x00000000      0x31a /home/marcel/LPCXpresso/workspace/lpc_chip_11cxx_lib/Debug/liblpc_chip_11cxx_lib.a(chip_11xx.o)
 .debug_macro   0x00000000       0x2e /home/marcel/LPCXpresso/workspace/lpc_chip_11cxx_lib/Debug/liblpc_chip_11cxx_lib.a(chip_11xx.o)
 .debug_macro   0x00000000       0xb8 /home/marcel/LPCXpresso/workspace/lpc_chip_11cxx_lib/Debug/liblpc_chip_11cxx_lib.a(chip_11xx.o)
 .debug_macro   0x00000000       0x11 /home/marcel/LPCXpresso/workspace/lpc_chip_11cxx_lib/Debug/liblpc_chip_11cxx_lib.a(chip_11xx.o)
 .debug_macro   0x00000000       0x7c /home/marcel/LPCXpresso/workspace/lpc_chip_11cxx_lib/Debug/liblpc_chip_11cxx_lib.a(chip_11xx.o)
 .debug_macro   0x00000000      0x21c /home/marcel/LPCXpresso/workspace/lpc_chip_11cxx_lib/Debug/liblpc_chip_11cxx_lib.a(chip_11xx.o)
 .debug_macro   0x00000000      0x113 /home/marcel/LPCXpresso/workspace/lpc_chip_11cxx_lib/Debug/liblpc_chip_11cxx_lib.a(chip_11xx.o)
 .group         0x00000000        0x8 /home/marcel/LPCXpresso/workspace/lpc_chip_11cxx_lib/Debug/liblpc_chip_11cxx_lib.a(clock_11xx.o)
 .group         0x00000000        0x8 /home/marcel/LPCXpresso/workspace/lpc_chip_11cxx_lib/Debug/liblpc_chip_11cxx_lib.a(clock_11xx.o)
 .group         0x00000000        0x8 /home/marcel/LPCXpresso/workspace/lpc_chip_11cxx_lib/Debug/liblpc_chip_11cxx_lib.a(clock_11xx.o)
 .group         0x00000000        0x8 /home/marcel/LPCXpresso/workspace/lpc_chip_11cxx_lib/Debug/liblpc_chip_11cxx_lib.a(clock_11xx.o)
 .group         0x00000000        0x8 /home/marcel/LPCXpresso/workspace/lpc_chip_11cxx_lib/Debug/liblpc_chip_11cxx_lib.a(clock_11xx.o)
 .group         0x00000000        0x8 /home/marcel/LPCXpresso/workspace/lpc_chip_11cxx_lib/Debug/liblpc_chip_11cxx_lib.a(clock_11xx.o)
 .group         0x00000000        0x8 /home/marcel/LPCXpresso/workspace/lpc_chip_11cxx_lib/Debug/liblpc_chip_11cxx_lib.a(clock_11xx.o)
 .group         0x00000000        0x8 /home/marcel/LPCXpresso/workspace/lpc_chip_11cxx_lib/Debug/liblpc_chip_11cxx_lib.a(clock_11xx.o)
 .group         0x00000000        0x8 /home/marcel/LPCXpresso/workspace/lpc_chip_11cxx_lib/Debug/liblpc_chip_11cxx_lib.a(clock_11xx.o)
 .group         0x00000000        0x8 /home/marcel/LPCXpresso/workspace/lpc_chip_11cxx_lib/Debug/liblpc_chip_11cxx_lib.a(clock_11xx.o)
 .group         0x00000000        0x8 /home/marcel/LPCXpresso/workspace/lpc_chip_11cxx_lib/Debug/liblpc_chip_11cxx_lib.a(clock_11xx.o)
 .group         0x00000000        0x8 /home/marcel/LPCXpresso/workspace/lpc_chip_11cxx_lib/Debug/liblpc_chip_11cxx_lib.a(clock_11xx.o)
 .group         0x00000000        0x8 /home/marcel/LPCXpresso/workspace/lpc_chip_11cxx_lib/Debug/liblpc_chip_11cxx_lib.a(clock_11xx.o)
 .group         0x00000000        0x8 /home/marcel/LPCXpresso/workspace/lpc_chip_11cxx_lib/Debug/liblpc_chip_11cxx_lib.a(clock_11xx.o)
 .group         0x00000000        0x8 /home/marcel/LPCXpresso/workspace/lpc_chip_11cxx_lib/Debug/liblpc_chip_11cxx_lib.a(clock_11xx.o)
 .group         0x00000000        0x8 /home/marcel/LPCXpresso/workspace/lpc_chip_11cxx_lib/Debug/liblpc_chip_11cxx_lib.a(clock_11xx.o)
 .group         0x00000000        0x8 /home/marcel/LPCXpresso/workspace/lpc_chip_11cxx_lib/Debug/liblpc_chip_11cxx_lib.a(clock_11xx.o)
 .group         0x00000000        0x8 /home/marcel/LPCXpresso/workspace/lpc_chip_11cxx_lib/Debug/liblpc_chip_11cxx_lib.a(clock_11xx.o)
 .group         0x00000000        0x8 /home/marcel/LPCXpresso/workspace/lpc_chip_11cxx_lib/Debug/liblpc_chip_11cxx_lib.a(clock_11xx.o)
 .group         0x00000000        0x8 /home/marcel/LPCXpresso/workspace/lpc_chip_11cxx_lib/Debug/liblpc_chip_11cxx_lib.a(clock_11xx.o)
 .group         0x00000000        0x8 /home/marcel/LPCXpresso/workspace/lpc_chip_11cxx_lib/Debug/liblpc_chip_11cxx_lib.a(clock_11xx.o)
 .group         0x00000000        0x8 /home/marcel/LPCXpresso/workspace/lpc_chip_11cxx_lib/Debug/liblpc_chip_11cxx_lib.a(clock_11xx.o)
 .group         0x00000000        0x8 /home/marcel/LPCXpresso/workspace/lpc_chip_11cxx_lib/Debug/liblpc_chip_11cxx_lib.a(clock_11xx.o)
 .group         0x00000000        0x8 /home/marcel/LPCXpresso/workspace/lpc_chip_11cxx_lib/Debug/liblpc_chip_11cxx_lib.a(clock_11xx.o)
 .text          0x00000000        0x0 /home/marcel/LPCXpresso/workspace/lpc_chip_11cxx_lib/Debug/liblpc_chip_11cxx_lib.a(clock_11xx.o)
 .data          0x00000000        0x0 /home/marcel/LPCXpresso/workspace/lpc_chip_11cxx_lib/Debug/liblpc_chip_11cxx_lib.a(clock_11xx.o)
 .bss           0x00000000        0x0 /home/marcel/LPCXpresso/workspace/lpc_chip_11cxx_lib/Debug/liblpc_chip_11cxx_lib.a(clock_11xx.o)
 .text.Chip_Clock_SetPLLBypass
                0x00000000       0x48 /home/marcel/LPCXpresso/workspace/lpc_chip_11cxx_lib/Debug/liblpc_chip_11cxx_lib.a(clock_11xx.o)
 .text.Chip_Clock_SetWDTClockSource
                0x00000000       0x3c /home/marcel/LPCXpresso/workspace/lpc_chip_11cxx_lib/Debug/liblpc_chip_11cxx_lib.a(clock_11xx.o)
 .text.Chip_Clock_SetCLKOUTSource
                0x00000000       0x3c /home/marcel/LPCXpresso/workspace/lpc_chip_11cxx_lib/Debug/liblpc_chip_11cxx_lib.a(clock_11xx.o)
 .debug_macro   0x00000000      0x832 /home/marcel/LPCXpresso/workspace/lpc_chip_11cxx_lib/Debug/liblpc_chip_11cxx_lib.a(clock_11xx.o)
 .debug_macro   0x00000000       0x10 /home/marcel/LPCXpresso/workspace/lpc_chip_11cxx_lib/Debug/liblpc_chip_11cxx_lib.a(clock_11xx.o)
 .debug_macro   0x00000000      0x12d /home/marcel/LPCXpresso/workspace/lpc_chip_11cxx_lib/Debug/liblpc_chip_11cxx_lib.a(clock_11xx.o)
 .debug_macro   0x00000000      0x5b2 /home/marcel/LPCXpresso/workspace/lpc_chip_11cxx_lib/Debug/liblpc_chip_11cxx_lib.a(clock_11xx.o)
 .debug_macro   0x00000000       0x22 /home/marcel/LPCXpresso/workspace/lpc_chip_11cxx_lib/Debug/liblpc_chip_11cxx_lib.a(clock_11xx.o)
 .debug_macro   0x00000000       0x7b /home/marcel/LPCXpresso/workspace/lpc_chip_11cxx_lib/Debug/liblpc_chip_11cxx_lib.a(clock_11xx.o)
 .debug_macro   0x00000000       0x10 /home/marcel/LPCXpresso/workspace/lpc_chip_11cxx_lib/Debug/liblpc_chip_11cxx_lib.a(clock_11xx.o)
 .debug_macro   0x00000000       0x1f /home/marcel/LPCXpresso/workspace/lpc_chip_11cxx_lib/Debug/liblpc_chip_11cxx_lib.a(clock_11xx.o)
 .debug_macro   0x00000000       0x3a /home/marcel/LPCXpresso/workspace/lpc_chip_11cxx_lib/Debug/liblpc_chip_11cxx_lib.a(clock_11xx.o)
 .debug_macro   0x00000000      0x241 /home/marcel/LPCXpresso/workspace/lpc_chip_11cxx_lib/Debug/liblpc_chip_11cxx_lib.a(clock_11xx.o)
 .debug_macro   0x00000000      0x117 /home/marcel/LPCXpresso/workspace/lpc_chip_11cxx_lib/Debug/liblpc_chip_11cxx_lib.a(clock_11xx.o)
 .debug_macro   0x00000000       0x22 /home/marcel/LPCXpresso/workspace/lpc_chip_11cxx_lib/Debug/liblpc_chip_11cxx_lib.a(clock_11xx.o)
 .debug_macro   0x00000000       0xb2 /home/marcel/LPCXpresso/workspace/lpc_chip_11cxx_lib/Debug/liblpc_chip_11cxx_lib.a(clock_11xx.o)
 .debug_macro   0x00000000       0x10 /home/marcel/LPCXpresso/workspace/lpc_chip_11cxx_lib/Debug/liblpc_chip_11cxx_lib.a(clock_11xx.o)
 .debug_macro   0x00000000      0x137 /home/marcel/LPCXpresso/workspace/lpc_chip_11cxx_lib/Debug/liblpc_chip_11cxx_lib.a(clock_11xx.o)
 .debug_macro   0x00000000       0x4c /home/marcel/LPCXpresso/workspace/lpc_chip_11cxx_lib/Debug/liblpc_chip_11cxx_lib.a(clock_11xx.o)
 .debug_macro   0x00000000       0x16 /home/marcel/LPCXpresso/workspace/lpc_chip_11cxx_lib/Debug/liblpc_chip_11cxx_lib.a(clock_11xx.o)
 .debug_macro   0x00000000      0x31a /home/marcel/LPCXpresso/workspace/lpc_chip_11cxx_lib/Debug/liblpc_chip_11cxx_lib.a(clock_11xx.o)
 .debug_macro   0x00000000       0x2e /home/marcel/LPCXpresso/workspace/lpc_chip_11cxx_lib/Debug/liblpc_chip_11cxx_lib.a(clock_11xx.o)
 .debug_macro   0x00000000       0xb8 /home/marcel/LPCXpresso/workspace/lpc_chip_11cxx_lib/Debug/liblpc_chip_11cxx_lib.a(clock_11xx.o)
 .debug_macro   0x00000000       0x11 /home/marcel/LPCXpresso/workspace/lpc_chip_11cxx_lib/Debug/liblpc_chip_11cxx_lib.a(clock_11xx.o)
 .debug_macro   0x00000000       0x7c /home/marcel/LPCXpresso/workspace/lpc_chip_11cxx_lib/Debug/liblpc_chip_11cxx_lib.a(clock_11xx.o)
 .debug_macro   0x00000000      0x21c /home/marcel/LPCXpresso/workspace/lpc_chip_11cxx_lib/Debug/liblpc_chip_11cxx_lib.a(clock_11xx.o)
 .debug_macro   0x00000000      0x113 /home/marcel/LPCXpresso/workspace/lpc_chip_11cxx_lib/Debug/liblpc_chip_11cxx_lib.a(clock_11xx.o)
 .group         0x00000000        0x8 /home/marcel/LPCXpresso/workspace/lpc_chip_11cxx_lib/Debug/liblpc_chip_11cxx_lib.a(gpio_11xx_2.o)
 .group         0x00000000        0x8 /home/marcel/LPCXpresso/workspace/lpc_chip_11cxx_lib/Debug/liblpc_chip_11cxx_lib.a(gpio_11xx_2.o)
 .group         0x00000000        0x8 /home/marcel/LPCXpresso/workspace/lpc_chip_11cxx_lib/Debug/liblpc_chip_11cxx_lib.a(gpio_11xx_2.o)
 .group         0x00000000        0x8 /home/marcel/LPCXpresso/workspace/lpc_chip_11cxx_lib/Debug/liblpc_chip_11cxx_lib.a(gpio_11xx_2.o)
 .group         0x00000000        0x8 /home/marcel/LPCXpresso/workspace/lpc_chip_11cxx_lib/Debug/liblpc_chip_11cxx_lib.a(gpio_11xx_2.o)
 .group         0x00000000        0x8 /home/marcel/LPCXpresso/workspace/lpc_chip_11cxx_lib/Debug/liblpc_chip_11cxx_lib.a(gpio_11xx_2.o)
 .group         0x00000000        0x8 /home/marcel/LPCXpresso/workspace/lpc_chip_11cxx_lib/Debug/liblpc_chip_11cxx_lib.a(gpio_11xx_2.o)
 .group         0x00000000        0x8 /home/marcel/LPCXpresso/workspace/lpc_chip_11cxx_lib/Debug/liblpc_chip_11cxx_lib.a(gpio_11xx_2.o)
 .group         0x00000000        0x8 /home/marcel/LPCXpresso/workspace/lpc_chip_11cxx_lib/Debug/liblpc_chip_11cxx_lib.a(gpio_11xx_2.o)
 .group         0x00000000        0x8 /home/marcel/LPCXpresso/workspace/lpc_chip_11cxx_lib/Debug/liblpc_chip_11cxx_lib.a(gpio_11xx_2.o)
 .group         0x00000000        0x8 /home/marcel/LPCXpresso/workspace/lpc_chip_11cxx_lib/Debug/liblpc_chip_11cxx_lib.a(gpio_11xx_2.o)
 .group         0x00000000        0x8 /home/marcel/LPCXpresso/workspace/lpc_chip_11cxx_lib/Debug/liblpc_chip_11cxx_lib.a(gpio_11xx_2.o)
 .group         0x00000000        0x8 /home/marcel/LPCXpresso/workspace/lpc_chip_11cxx_lib/Debug/liblpc_chip_11cxx_lib.a(gpio_11xx_2.o)
 .group         0x00000000        0x8 /home/marcel/LPCXpresso/workspace/lpc_chip_11cxx_lib/Debug/liblpc_chip_11cxx_lib.a(gpio_11xx_2.o)
 .group         0x00000000        0x8 /home/marcel/LPCXpresso/workspace/lpc_chip_11cxx_lib/Debug/liblpc_chip_11cxx_lib.a(gpio_11xx_2.o)
 .group         0x00000000        0x8 /home/marcel/LPCXpresso/workspace/lpc_chip_11cxx_lib/Debug/liblpc_chip_11cxx_lib.a(gpio_11xx_2.o)
 .group         0x00000000        0x8 /home/marcel/LPCXpresso/workspace/lpc_chip_11cxx_lib/Debug/liblpc_chip_11cxx_lib.a(gpio_11xx_2.o)
 .group         0x00000000        0x8 /home/marcel/LPCXpresso/workspace/lpc_chip_11cxx_lib/Debug/liblpc_chip_11cxx_lib.a(gpio_11xx_2.o)
 .group         0x00000000        0x8 /home/marcel/LPCXpresso/workspace/lpc_chip_11cxx_lib/Debug/liblpc_chip_11cxx_lib.a(gpio_11xx_2.o)
 .group         0x00000000        0x8 /home/marcel/LPCXpresso/workspace/lpc_chip_11cxx_lib/Debug/liblpc_chip_11cxx_lib.a(gpio_11xx_2.o)
 .group         0x00000000        0x8 /home/marcel/LPCXpresso/workspace/lpc_chip_11cxx_lib/Debug/liblpc_chip_11cxx_lib.a(gpio_11xx_2.o)
 .group         0x00000000        0x8 /home/marcel/LPCXpresso/workspace/lpc_chip_11cxx_lib/Debug/liblpc_chip_11cxx_lib.a(gpio_11xx_2.o)
 .group         0x00000000        0x8 /home/marcel/LPCXpresso/workspace/lpc_chip_11cxx_lib/Debug/liblpc_chip_11cxx_lib.a(gpio_11xx_2.o)
 .group         0x00000000        0x8 /home/marcel/LPCXpresso/workspace/lpc_chip_11cxx_lib/Debug/liblpc_chip_11cxx_lib.a(gpio_11xx_2.o)
 .text          0x00000000        0x0 /home/marcel/LPCXpresso/workspace/lpc_chip_11cxx_lib/Debug/liblpc_chip_11cxx_lib.a(gpio_11xx_2.o)
 .data          0x00000000        0x0 /home/marcel/LPCXpresso/workspace/lpc_chip_11cxx_lib/Debug/liblpc_chip_11cxx_lib.a(gpio_11xx_2.o)
 .bss           0x00000000        0x0 /home/marcel/LPCXpresso/workspace/lpc_chip_11cxx_lib/Debug/liblpc_chip_11cxx_lib.a(gpio_11xx_2.o)
 .text.Chip_Clock_DisablePeriphClock
                0x00000000       0x30 /home/marcel/LPCXpresso/workspace/lpc_chip_11cxx_lib/Debug/liblpc_chip_11cxx_lib.a(gpio_11xx_2.o)
 .text.Chip_GPIO_SetPinDIROutput
                0x00000000       0x4c /home/marcel/LPCXpresso/workspace/lpc_chip_11cxx_lib/Debug/liblpc_chip_11cxx_lib.a(gpio_11xx_2.o)
 .text.Chip_GPIO_SetPinDIRInput
                0x00000000       0x4c /home/marcel/LPCXpresso/workspace/lpc_chip_11cxx_lib/Debug/liblpc_chip_11cxx_lib.a(gpio_11xx_2.o)
 .text.Chip_GPIO_SetPortDIROutput
                0x00000000       0x40 /home/marcel/LPCXpresso/workspace/lpc_chip_11cxx_lib/Debug/liblpc_chip_11cxx_lib.a(gpio_11xx_2.o)
 .text.Chip_GPIO_SetPortDIRInput
                0x00000000       0x44 /home/marcel/LPCXpresso/workspace/lpc_chip_11cxx_lib/Debug/liblpc_chip_11cxx_lib.a(gpio_11xx_2.o)
 .text.Chip_GPIO_SetPinModeEdge
                0x00000000       0x44 /home/marcel/LPCXpresso/workspace/lpc_chip_11cxx_lib/Debug/liblpc_chip_11cxx_lib.a(gpio_11xx_2.o)
 .text.Chip_GPIO_SetPinModeLevel
                0x00000000       0x40 /home/marcel/LPCXpresso/workspace/lpc_chip_11cxx_lib/Debug/liblpc_chip_11cxx_lib.a(gpio_11xx_2.o)
 .text.Chip_GPIO_SetEdgeModeBoth
                0x00000000       0x40 /home/marcel/LPCXpresso/workspace/lpc_chip_11cxx_lib/Debug/liblpc_chip_11cxx_lib.a(gpio_11xx_2.o)
 .text.Chip_GPIO_SetEdgeModeSingle
                0x00000000       0x44 /home/marcel/LPCXpresso/workspace/lpc_chip_11cxx_lib/Debug/liblpc_chip_11cxx_lib.a(gpio_11xx_2.o)
 .text.Chip_GPIO_SetModeHigh
                0x00000000       0x40 /home/marcel/LPCXpresso/workspace/lpc_chip_11cxx_lib/Debug/liblpc_chip_11cxx_lib.a(gpio_11xx_2.o)
 .text.Chip_GPIO_SetModeLow
                0x00000000       0x44 /home/marcel/LPCXpresso/workspace/lpc_chip_11cxx_lib/Debug/liblpc_chip_11cxx_lib.a(gpio_11xx_2.o)
 .text.Chip_GPIO_DeInit
                0x00000000       0x14 /home/marcel/LPCXpresso/workspace/lpc_chip_11cxx_lib/Debug/liblpc_chip_11cxx_lib.a(gpio_11xx_2.o)
 .text.Chip_GPIO_WriteDirBit
                0x00000000       0x78 /home/marcel/LPCXpresso/workspace/lpc_chip_11cxx_lib/Debug/liblpc_chip_11cxx_lib.a(gpio_11xx_2.o)
 .text.Chip_GPIO_SetDir
                0x00000000       0x84 /home/marcel/LPCXpresso/workspace/lpc_chip_11cxx_lib/Debug/liblpc_chip_11cxx_lib.a(gpio_11xx_2.o)
 .text.Chip_GPIO_SetPinDIR
                0x00000000       0x58 /home/marcel/LPCXpresso/workspace/lpc_chip_11cxx_lib/Debug/liblpc_chip_11cxx_lib.a(gpio_11xx_2.o)
 .text.Chip_GPIO_SetPortDIR
                0x00000000       0x58 /home/marcel/LPCXpresso/workspace/lpc_chip_11cxx_lib/Debug/liblpc_chip_11cxx_lib.a(gpio_11xx_2.o)
 .text.Chip_GPIO_SetupPinInt
                0x00000000       0xc4 /home/marcel/LPCXpresso/workspace/lpc_chip_11cxx_lib/Debug/liblpc_chip_11cxx_lib.a(gpio_11xx_2.o)
 .debug_macro   0x00000000      0x832 /home/marcel/LPCXpresso/workspace/lpc_chip_11cxx_lib/Debug/liblpc_chip_11cxx_lib.a(gpio_11xx_2.o)
 .debug_macro   0x00000000       0x10 /home/marcel/LPCXpresso/workspace/lpc_chip_11cxx_lib/Debug/liblpc_chip_11cxx_lib.a(gpio_11xx_2.o)
 .debug_macro   0x00000000      0x12d /home/marcel/LPCXpresso/workspace/lpc_chip_11cxx_lib/Debug/liblpc_chip_11cxx_lib.a(gpio_11xx_2.o)
 .debug_macro   0x00000000      0x5b2 /home/marcel/LPCXpresso/workspace/lpc_chip_11cxx_lib/Debug/liblpc_chip_11cxx_lib.a(gpio_11xx_2.o)
 .debug_macro   0x00000000       0x22 /home/marcel/LPCXpresso/workspace/lpc_chip_11cxx_lib/Debug/liblpc_chip_11cxx_lib.a(gpio_11xx_2.o)
 .debug_macro   0x00000000       0x7b /home/marcel/LPCXpresso/workspace/lpc_chip_11cxx_lib/Debug/liblpc_chip_11cxx_lib.a(gpio_11xx_2.o)
 .debug_macro   0x00000000       0x10 /home/marcel/LPCXpresso/workspace/lpc_chip_11cxx_lib/Debug/liblpc_chip_11cxx_lib.a(gpio_11xx_2.o)
 .debug_macro   0x00000000       0x1f /home/marcel/LPCXpresso/workspace/lpc_chip_11cxx_lib/Debug/liblpc_chip_11cxx_lib.a(gpio_11xx_2.o)
 .debug_macro   0x00000000       0x3a /home/marcel/LPCXpresso/workspace/lpc_chip_11cxx_lib/Debug/liblpc_chip_11cxx_lib.a(gpio_11xx_2.o)
 .debug_macro   0x00000000      0x241 /home/marcel/LPCXpresso/workspace/lpc_chip_11cxx_lib/Debug/liblpc_chip_11cxx_lib.a(gpio_11xx_2.o)
 .debug_macro   0x00000000      0x117 /home/marcel/LPCXpresso/workspace/lpc_chip_11cxx_lib/Debug/liblpc_chip_11cxx_lib.a(gpio_11xx_2.o)
 .debug_macro   0x00000000       0x22 /home/marcel/LPCXpresso/workspace/lpc_chip_11cxx_lib/Debug/liblpc_chip_11cxx_lib.a(gpio_11xx_2.o)
 .debug_macro   0x00000000       0xb2 /home/marcel/LPCXpresso/workspace/lpc_chip_11cxx_lib/Debug/liblpc_chip_11cxx_lib.a(gpio_11xx_2.o)
 .debug_macro   0x00000000       0x10 /home/marcel/LPCXpresso/workspace/lpc_chip_11cxx_lib/Debug/liblpc_chip_11cxx_lib.a(gpio_11xx_2.o)
 .debug_macro   0x00000000      0x137 /home/marcel/LPCXpresso/workspace/lpc_chip_11cxx_lib/Debug/liblpc_chip_11cxx_lib.a(gpio_11xx_2.o)
 .debug_macro   0x00000000       0x4c /home/marcel/LPCXpresso/workspace/lpc_chip_11cxx_lib/Debug/liblpc_chip_11cxx_lib.a(gpio_11xx_2.o)
 .debug_macro   0x00000000       0x16 /home/marcel/LPCXpresso/workspace/lpc_chip_11cxx_lib/Debug/liblpc_chip_11cxx_lib.a(gpio_11xx_2.o)
 .debug_macro   0x00000000      0x31a /home/marcel/LPCXpresso/workspace/lpc_chip_11cxx_lib/Debug/liblpc_chip_11cxx_lib.a(gpio_11xx_2.o)
 .debug_macro   0x00000000       0x2e /home/marcel/LPCXpresso/workspace/lpc_chip_11cxx_lib/Debug/liblpc_chip_11cxx_lib.a(gpio_11xx_2.o)
 .debug_macro   0x00000000       0xb8 /home/marcel/LPCXpresso/workspace/lpc_chip_11cxx_lib/Debug/liblpc_chip_11cxx_lib.a(gpio_11xx_2.o)
 .debug_macro   0x00000000       0x11 /home/marcel/LPCXpresso/workspace/lpc_chip_11cxx_lib/Debug/liblpc_chip_11cxx_lib.a(gpio_11xx_2.o)
 .debug_macro   0x00000000       0x7c /home/marcel/LPCXpresso/workspace/lpc_chip_11cxx_lib/Debug/liblpc_chip_11cxx_lib.a(gpio_11xx_2.o)
 .debug_macro   0x00000000      0x21c /home/marcel/LPCXpresso/workspace/lpc_chip_11cxx_lib/Debug/liblpc_chip_11cxx_lib.a(gpio_11xx_2.o)
 .debug_macro   0x00000000      0x113 /home/marcel/LPCXpresso/workspace/lpc_chip_11cxx_lib/Debug/liblpc_chip_11cxx_lib.a(gpio_11xx_2.o)
 .group         0x00000000        0x8 /home/marcel/LPCXpresso/workspace/lpc_chip_11cxx_lib/Debug/liblpc_chip_11cxx_lib.a(sysinit_11xx.o)
 .group         0x00000000        0x8 /home/marcel/LPCXpresso/workspace/lpc_chip_11cxx_lib/Debug/liblpc_chip_11cxx_lib.a(sysinit_11xx.o)
 .group         0x00000000        0x8 /home/marcel/LPCXpresso/workspace/lpc_chip_11cxx_lib/Debug/liblpc_chip_11cxx_lib.a(sysinit_11xx.o)
 .group         0x00000000        0x8 /home/marcel/LPCXpresso/workspace/lpc_chip_11cxx_lib/Debug/liblpc_chip_11cxx_lib.a(sysinit_11xx.o)
 .group         0x00000000        0x8 /home/marcel/LPCXpresso/workspace/lpc_chip_11cxx_lib/Debug/liblpc_chip_11cxx_lib.a(sysinit_11xx.o)
 .group         0x00000000        0x8 /home/marcel/LPCXpresso/workspace/lpc_chip_11cxx_lib/Debug/liblpc_chip_11cxx_lib.a(sysinit_11xx.o)
 .group         0x00000000        0x8 /home/marcel/LPCXpresso/workspace/lpc_chip_11cxx_lib/Debug/liblpc_chip_11cxx_lib.a(sysinit_11xx.o)
 .group         0x00000000        0x8 /home/marcel/LPCXpresso/workspace/lpc_chip_11cxx_lib/Debug/liblpc_chip_11cxx_lib.a(sysinit_11xx.o)
 .group         0x00000000        0x8 /home/marcel/LPCXpresso/workspace/lpc_chip_11cxx_lib/Debug/liblpc_chip_11cxx_lib.a(sysinit_11xx.o)
 .group         0x00000000        0x8 /home/marcel/LPCXpresso/workspace/lpc_chip_11cxx_lib/Debug/liblpc_chip_11cxx_lib.a(sysinit_11xx.o)
 .group         0x00000000        0x8 /home/marcel/LPCXpresso/workspace/lpc_chip_11cxx_lib/Debug/liblpc_chip_11cxx_lib.a(sysinit_11xx.o)
 .group         0x00000000        0x8 /home/marcel/LPCXpresso/workspace/lpc_chip_11cxx_lib/Debug/liblpc_chip_11cxx_lib.a(sysinit_11xx.o)
 .group         0x00000000        0x8 /home/marcel/LPCXpresso/workspace/lpc_chip_11cxx_lib/Debug/liblpc_chip_11cxx_lib.a(sysinit_11xx.o)
 .group         0x00000000        0x8 /home/marcel/LPCXpresso/workspace/lpc_chip_11cxx_lib/Debug/liblpc_chip_11cxx_lib.a(sysinit_11xx.o)
 .group         0x00000000        0x8 /home/marcel/LPCXpresso/workspace/lpc_chip_11cxx_lib/Debug/liblpc_chip_11cxx_lib.a(sysinit_11xx.o)
 .group         0x00000000        0x8 /home/marcel/LPCXpresso/workspace/lpc_chip_11cxx_lib/Debug/liblpc_chip_11cxx_lib.a(sysinit_11xx.o)
 .group         0x00000000        0x8 /home/marcel/LPCXpresso/workspace/lpc_chip_11cxx_lib/Debug/liblpc_chip_11cxx_lib.a(sysinit_11xx.o)
 .group         0x00000000        0x8 /home/marcel/LPCXpresso/workspace/lpc_chip_11cxx_lib/Debug/liblpc_chip_11cxx_lib.a(sysinit_11xx.o)
 .group         0x00000000        0x8 /home/marcel/LPCXpresso/workspace/lpc_chip_11cxx_lib/Debug/liblpc_chip_11cxx_lib.a(sysinit_11xx.o)
 .group         0x00000000        0x8 /home/marcel/LPCXpresso/workspace/lpc_chip_11cxx_lib/Debug/liblpc_chip_11cxx_lib.a(sysinit_11xx.o)
 .group         0x00000000        0x8 /home/marcel/LPCXpresso/workspace/lpc_chip_11cxx_lib/Debug/liblpc_chip_11cxx_lib.a(sysinit_11xx.o)
 .group         0x00000000        0x8 /home/marcel/LPCXpresso/workspace/lpc_chip_11cxx_lib/Debug/liblpc_chip_11cxx_lib.a(sysinit_11xx.o)
 .group         0x00000000        0x8 /home/marcel/LPCXpresso/workspace/lpc_chip_11cxx_lib/Debug/liblpc_chip_11cxx_lib.a(sysinit_11xx.o)
 .group         0x00000000        0x8 /home/marcel/LPCXpresso/workspace/lpc_chip_11cxx_lib/Debug/liblpc_chip_11cxx_lib.a(sysinit_11xx.o)
 .text          0x00000000        0x0 /home/marcel/LPCXpresso/workspace/lpc_chip_11cxx_lib/Debug/liblpc_chip_11cxx_lib.a(sysinit_11xx.o)
 .data          0x00000000        0x0 /home/marcel/LPCXpresso/workspace/lpc_chip_11cxx_lib/Debug/liblpc_chip_11cxx_lib.a(sysinit_11xx.o)
 .bss           0x00000000        0x0 /home/marcel/LPCXpresso/workspace/lpc_chip_11cxx_lib/Debug/liblpc_chip_11cxx_lib.a(sysinit_11xx.o)
 .debug_macro   0x00000000      0x832 /home/marcel/LPCXpresso/workspace/lpc_chip_11cxx_lib/Debug/liblpc_chip_11cxx_lib.a(sysinit_11xx.o)
 .debug_macro   0x00000000       0x10 /home/marcel/LPCXpresso/workspace/lpc_chip_11cxx_lib/Debug/liblpc_chip_11cxx_lib.a(sysinit_11xx.o)
 .debug_macro   0x00000000      0x12d /home/marcel/LPCXpresso/workspace/lpc_chip_11cxx_lib/Debug/liblpc_chip_11cxx_lib.a(sysinit_11xx.o)
 .debug_macro   0x00000000      0x5b2 /home/marcel/LPCXpresso/workspace/lpc_chip_11cxx_lib/Debug/liblpc_chip_11cxx_lib.a(sysinit_11xx.o)
 .debug_macro   0x00000000       0x22 /home/marcel/LPCXpresso/workspace/lpc_chip_11cxx_lib/Debug/liblpc_chip_11cxx_lib.a(sysinit_11xx.o)
 .debug_macro   0x00000000       0x7b /home/marcel/LPCXpresso/workspace/lpc_chip_11cxx_lib/Debug/liblpc_chip_11cxx_lib.a(sysinit_11xx.o)
 .debug_macro   0x00000000       0x10 /home/marcel/LPCXpresso/workspace/lpc_chip_11cxx_lib/Debug/liblpc_chip_11cxx_lib.a(sysinit_11xx.o)
 .debug_macro   0x00000000       0x1f /home/marcel/LPCXpresso/workspace/lpc_chip_11cxx_lib/Debug/liblpc_chip_11cxx_lib.a(sysinit_11xx.o)
 .debug_macro   0x00000000       0x3a /home/marcel/LPCXpresso/workspace/lpc_chip_11cxx_lib/Debug/liblpc_chip_11cxx_lib.a(sysinit_11xx.o)
 .debug_macro   0x00000000      0x241 /home/marcel/LPCXpresso/workspace/lpc_chip_11cxx_lib/Debug/liblpc_chip_11cxx_lib.a(sysinit_11xx.o)
 .debug_macro   0x00000000      0x117 /home/marcel/LPCXpresso/workspace/lpc_chip_11cxx_lib/Debug/liblpc_chip_11cxx_lib.a(sysinit_11xx.o)
 .debug_macro   0x00000000       0x22 /home/marcel/LPCXpresso/workspace/lpc_chip_11cxx_lib/Debug/liblpc_chip_11cxx_lib.a(sysinit_11xx.o)
 .debug_macro   0x00000000       0xb2 /home/marcel/LPCXpresso/workspace/lpc_chip_11cxx_lib/Debug/liblpc_chip_11cxx_lib.a(sysinit_11xx.o)
 .debug_macro   0x00000000       0x10 /home/marcel/LPCXpresso/workspace/lpc_chip_11cxx_lib/Debug/liblpc_chip_11cxx_lib.a(sysinit_11xx.o)
 .debug_macro   0x00000000      0x137 /home/marcel/LPCXpresso/workspace/lpc_chip_11cxx_lib/Debug/liblpc_chip_11cxx_lib.a(sysinit_11xx.o)
 .debug_macro   0x00000000       0x4c /home/marcel/LPCXpresso/workspace/lpc_chip_11cxx_lib/Debug/liblpc_chip_11cxx_lib.a(sysinit_11xx.o)
 .debug_macro   0x00000000       0x16 /home/marcel/LPCXpresso/workspace/lpc_chip_11cxx_lib/Debug/liblpc_chip_11cxx_lib.a(sysinit_11xx.o)
 .debug_macro   0x00000000      0x31a /home/marcel/LPCXpresso/workspace/lpc_chip_11cxx_lib/Debug/liblpc_chip_11cxx_lib.a(sysinit_11xx.o)
 .debug_macro   0x00000000       0x2e /home/marcel/LPCXpresso/workspace/lpc_chip_11cxx_lib/Debug/liblpc_chip_11cxx_lib.a(sysinit_11xx.o)
 .debug_macro   0x00000000       0xb8 /home/marcel/LPCXpresso/workspace/lpc_chip_11cxx_lib/Debug/liblpc_chip_11cxx_lib.a(sysinit_11xx.o)
 .debug_macro   0x00000000       0x11 /home/marcel/LPCXpresso/workspace/lpc_chip_11cxx_lib/Debug/liblpc_chip_11cxx_lib.a(sysinit_11xx.o)
 .debug_macro   0x00000000       0x7c /home/marcel/LPCXpresso/workspace/lpc_chip_11cxx_lib/Debug/liblpc_chip_11cxx_lib.a(sysinit_11xx.o)
 .debug_macro   0x00000000      0x21c /home/marcel/LPCXpresso/workspace/lpc_chip_11cxx_lib/Debug/liblpc_chip_11cxx_lib.a(sysinit_11xx.o)
 .debug_macro   0x00000000      0x113 /home/marcel/LPCXpresso/workspace/lpc_chip_11cxx_lib/Debug/liblpc_chip_11cxx_lib.a(sysinit_11xx.o)
 .group         0x00000000        0x8 /home/marcel/LPCXpresso/workspace/lpc_chip_11cxx_lib/Debug/liblpc_chip_11cxx_lib.a(sysctl_11xx.o)
 .group         0x00000000        0x8 /home/marcel/LPCXpresso/workspace/lpc_chip_11cxx_lib/Debug/liblpc_chip_11cxx_lib.a(sysctl_11xx.o)
 .group         0x00000000        0x8 /home/marcel/LPCXpresso/workspace/lpc_chip_11cxx_lib/Debug/liblpc_chip_11cxx_lib.a(sysctl_11xx.o)
 .group         0x00000000        0x8 /home/marcel/LPCXpresso/workspace/lpc_chip_11cxx_lib/Debug/liblpc_chip_11cxx_lib.a(sysctl_11xx.o)
 .group         0x00000000        0x8 /home/marcel/LPCXpresso/workspace/lpc_chip_11cxx_lib/Debug/liblpc_chip_11cxx_lib.a(sysctl_11xx.o)
 .group         0x00000000        0x8 /home/marcel/LPCXpresso/workspace/lpc_chip_11cxx_lib/Debug/liblpc_chip_11cxx_lib.a(sysctl_11xx.o)
 .group         0x00000000        0x8 /home/marcel/LPCXpresso/workspace/lpc_chip_11cxx_lib/Debug/liblpc_chip_11cxx_lib.a(sysctl_11xx.o)
 .group         0x00000000        0x8 /home/marcel/LPCXpresso/workspace/lpc_chip_11cxx_lib/Debug/liblpc_chip_11cxx_lib.a(sysctl_11xx.o)
 .group         0x00000000        0x8 /home/marcel/LPCXpresso/workspace/lpc_chip_11cxx_lib/Debug/liblpc_chip_11cxx_lib.a(sysctl_11xx.o)
 .group         0x00000000        0x8 /home/marcel/LPCXpresso/workspace/lpc_chip_11cxx_lib/Debug/liblpc_chip_11cxx_lib.a(sysctl_11xx.o)
 .group         0x00000000        0x8 /home/marcel/LPCXpresso/workspace/lpc_chip_11cxx_lib/Debug/liblpc_chip_11cxx_lib.a(sysctl_11xx.o)
 .group         0x00000000        0x8 /home/marcel/LPCXpresso/workspace/lpc_chip_11cxx_lib/Debug/liblpc_chip_11cxx_lib.a(sysctl_11xx.o)
 .group         0x00000000        0x8 /home/marcel/LPCXpresso/workspace/lpc_chip_11cxx_lib/Debug/liblpc_chip_11cxx_lib.a(sysctl_11xx.o)
 .group         0x00000000        0x8 /home/marcel/LPCXpresso/workspace/lpc_chip_11cxx_lib/Debug/liblpc_chip_11cxx_lib.a(sysctl_11xx.o)
 .group         0x00000000        0x8 /home/marcel/LPCXpresso/workspace/lpc_chip_11cxx_lib/Debug/liblpc_chip_11cxx_lib.a(sysctl_11xx.o)
 .group         0x00000000        0x8 /home/marcel/LPCXpresso/workspace/lpc_chip_11cxx_lib/Debug/liblpc_chip_11cxx_lib.a(sysctl_11xx.o)
 .group         0x00000000        0x8 /home/marcel/LPCXpresso/workspace/lpc_chip_11cxx_lib/Debug/liblpc_chip_11cxx_lib.a(sysctl_11xx.o)
 .group         0x00000000        0x8 /home/marcel/LPCXpresso/workspace/lpc_chip_11cxx_lib/Debug/liblpc_chip_11cxx_lib.a(sysctl_11xx.o)
 .group         0x00000000        0x8 /home/marcel/LPCXpresso/workspace/lpc_chip_11cxx_lib/Debug/liblpc_chip_11cxx_lib.a(sysctl_11xx.o)
 .group         0x00000000        0x8 /home/marcel/LPCXpresso/workspace/lpc_chip_11cxx_lib/Debug/liblpc_chip_11cxx_lib.a(sysctl_11xx.o)
 .group         0x00000000        0x8 /home/marcel/LPCXpresso/workspace/lpc_chip_11cxx_lib/Debug/liblpc_chip_11cxx_lib.a(sysctl_11xx.o)
 .group         0x00000000        0x8 /home/marcel/LPCXpresso/workspace/lpc_chip_11cxx_lib/Debug/liblpc_chip_11cxx_lib.a(sysctl_11xx.o)
 .group         0x00000000        0x8 /home/marcel/LPCXpresso/workspace/lpc_chip_11cxx_lib/Debug/liblpc_chip_11cxx_lib.a(sysctl_11xx.o)
 .group         0x00000000        0x8 /home/marcel/LPCXpresso/workspace/lpc_chip_11cxx_lib/Debug/liblpc_chip_11cxx_lib.a(sysctl_11xx.o)
 .text          0x00000000        0x0 /home/marcel/LPCXpresso/workspace/lpc_chip_11cxx_lib/Debug/liblpc_chip_11cxx_lib.a(sysctl_11xx.o)
 .data          0x00000000        0x0 /home/marcel/LPCXpresso/workspace/lpc_chip_11cxx_lib/Debug/liblpc_chip_11cxx_lib.a(sysctl_11xx.o)
 .bss           0x00000000        0x0 /home/marcel/LPCXpresso/workspace/lpc_chip_11cxx_lib/Debug/liblpc_chip_11cxx_lib.a(sysctl_11xx.o)
 .text.Chip_SYSCTL_SetDeepSleepPD
                0x00000000       0x28 /home/marcel/LPCXpresso/workspace/lpc_chip_11cxx_lib/Debug/liblpc_chip_11cxx_lib.a(sysctl_11xx.o)
 .text.Chip_SYSCTL_SetWakeup
                0x00000000       0x28 /home/marcel/LPCXpresso/workspace/lpc_chip_11cxx_lib/Debug/liblpc_chip_11cxx_lib.a(sysctl_11xx.o)
 .debug_macro   0x00000000      0x832 /home/marcel/LPCXpresso/workspace/lpc_chip_11cxx_lib/Debug/liblpc_chip_11cxx_lib.a(sysctl_11xx.o)
 .debug_macro   0x00000000       0x10 /home/marcel/LPCXpresso/workspace/lpc_chip_11cxx_lib/Debug/liblpc_chip_11cxx_lib.a(sysctl_11xx.o)
 .debug_macro   0x00000000      0x12d /home/marcel/LPCXpresso/workspace/lpc_chip_11cxx_lib/Debug/liblpc_chip_11cxx_lib.a(sysctl_11xx.o)
 .debug_macro   0x00000000      0x5b2 /home/marcel/LPCXpresso/workspace/lpc_chip_11cxx_lib/Debug/liblpc_chip_11cxx_lib.a(sysctl_11xx.o)
 .debug_macro   0x00000000       0x22 /home/marcel/LPCXpresso/workspace/lpc_chip_11cxx_lib/Debug/liblpc_chip_11cxx_lib.a(sysctl_11xx.o)
 .debug_macro   0x00000000       0x7b /home/marcel/LPCXpresso/workspace/lpc_chip_11cxx_lib/Debug/liblpc_chip_11cxx_lib.a(sysctl_11xx.o)
 .debug_macro   0x00000000       0x10 /home/marcel/LPCXpresso/workspace/lpc_chip_11cxx_lib/Debug/liblpc_chip_11cxx_lib.a(sysctl_11xx.o)
 .debug_macro   0x00000000       0x1f /home/marcel/LPCXpresso/workspace/lpc_chip_11cxx_lib/Debug/liblpc_chip_11cxx_lib.a(sysctl_11xx.o)
 .debug_macro   0x00000000       0x3a /home/marcel/LPCXpresso/workspace/lpc_chip_11cxx_lib/Debug/liblpc_chip_11cxx_lib.a(sysctl_11xx.o)
 .debug_macro   0x00000000      0x241 /home/marcel/LPCXpresso/workspace/lpc_chip_11cxx_lib/Debug/liblpc_chip_11cxx_lib.a(sysctl_11xx.o)
 .debug_macro   0x00000000      0x117 /home/marcel/LPCXpresso/workspace/lpc_chip_11cxx_lib/Debug/liblpc_chip_11cxx_lib.a(sysctl_11xx.o)
 .debug_macro   0x00000000       0x22 /home/marcel/LPCXpresso/workspace/lpc_chip_11cxx_lib/Debug/liblpc_chip_11cxx_lib.a(sysctl_11xx.o)
 .debug_macro   0x00000000       0xb2 /home/marcel/LPCXpresso/workspace/lpc_chip_11cxx_lib/Debug/liblpc_chip_11cxx_lib.a(sysctl_11xx.o)
 .debug_macro   0x00000000       0x10 /home/marcel/LPCXpresso/workspace/lpc_chip_11cxx_lib/Debug/liblpc_chip_11cxx_lib.a(sysctl_11xx.o)
 .debug_macro   0x00000000      0x137 /home/marcel/LPCXpresso/workspace/lpc_chip_11cxx_lib/Debug/liblpc_chip_11cxx_lib.a(sysctl_11xx.o)
 .debug_macro   0x00000000       0x4c /home/marcel/LPCXpresso/workspace/lpc_chip_11cxx_lib/Debug/liblpc_chip_11cxx_lib.a(sysctl_11xx.o)
 .debug_macro   0x00000000       0x16 /home/marcel/LPCXpresso/workspace/lpc_chip_11cxx_lib/Debug/liblpc_chip_11cxx_lib.a(sysctl_11xx.o)
 .debug_macro   0x00000000      0x31a /home/marcel/LPCXpresso/workspace/lpc_chip_11cxx_lib/Debug/liblpc_chip_11cxx_lib.a(sysctl_11xx.o)
 .debug_macro   0x00000000       0x2e /home/marcel/LPCXpresso/workspace/lpc_chip_11cxx_lib/Debug/liblpc_chip_11cxx_lib.a(sysctl_11xx.o)
 .debug_macro   0x00000000       0xb8 /home/marcel/LPCXpresso/workspace/lpc_chip_11cxx_lib/Debug/liblpc_chip_11cxx_lib.a(sysctl_11xx.o)
 .debug_macro   0x00000000       0x11 /home/marcel/LPCXpresso/workspace/lpc_chip_11cxx_lib/Debug/liblpc_chip_11cxx_lib.a(sysctl_11xx.o)
 .debug_macro   0x00000000       0x7c /home/marcel/LPCXpresso/workspace/lpc_chip_11cxx_lib/Debug/liblpc_chip_11cxx_lib.a(sysctl_11xx.o)
 .debug_macro   0x00000000      0x21c /home/marcel/LPCXpresso/workspace/lpc_chip_11cxx_lib/Debug/liblpc_chip_11cxx_lib.a(sysctl_11xx.o)
 .debug_macro   0x00000000      0x113 /home/marcel/LPCXpresso/workspace/lpc_chip_11cxx_lib/Debug/liblpc_chip_11cxx_lib.a(sysctl_11xx.o)
 .text          0x00000000        0x0 /usr/local/lpcxpresso_8.0.0_526/lpcxpresso/tools/bin/../lib/gcc/arm-none-eabi/4.9.3/../../../../arm-none-eabi/lib/armv6-m/libcr_c.a(__weak__main.o)
 .data          0x00000000        0x0 /usr/local/lpcxpresso_8.0.0_526/lpcxpresso/tools/bin/../lib/gcc/arm-none-eabi/4.9.3/../../../../arm-none-eabi/lib/armv6-m/libcr_c.a(__weak__main.o)
 .bss           0x00000000        0x0 /usr/local/lpcxpresso_8.0.0_526/lpcxpresso/tools/bin/../lib/gcc/arm-none-eabi/4.9.3/../../../../arm-none-eabi/lib/armv6-m/libcr_c.a(__weak__main.o)
 .text          0x00000000        0x0 /usr/local/lpcxpresso_8.0.0_526/lpcxpresso/tools/bin/../lib/gcc/arm-none-eabi/4.9.3/armv6-m/libcr_eabihelpers.a(division_32.o)
 .data          0x00000000        0x0 /usr/local/lpcxpresso_8.0.0_526/lpcxpresso/tools/bin/../lib/gcc/arm-none-eabi/4.9.3/armv6-m/libcr_eabihelpers.a(division_32.o)
 .bss           0x00000000        0x0 /usr/local/lpcxpresso_8.0.0_526/lpcxpresso/tools/bin/../lib/gcc/arm-none-eabi/4.9.3/armv6-m/libcr_eabihelpers.a(division_32.o)
 .text          0x00000000        0x0 /usr/local/lpcxpresso_8.0.0_526/lpcxpresso/tools/bin/../lib/gcc/arm-none-eabi/4.9.3/armv6-m/libcr_eabihelpers.a(division_idiv0.o)
 .data          0x00000000        0x0 /usr/local/lpcxpresso_8.0.0_526/lpcxpresso/tools/bin/../lib/gcc/arm-none-eabi/4.9.3/armv6-m/libcr_eabihelpers.a(division_idiv0.o)
 .bss           0x00000000        0x0 /usr/local/lpcxpresso_8.0.0_526/lpcxpresso/tools/bin/../lib/gcc/arm-none-eabi/4.9.3/armv6-m/libcr_eabihelpers.a(division_idiv0.o)

Memory Configuration

Name             Origin             Length             Attributes
MFlash64         0x00000000         0x00010000         xr
RamLoc8          0x10000000         0x00002000         xrw
*default*        0x00000000         0xffffffff

Linker script and memory map

LOAD ./src/cr_startup_lpc11xx.o
LOAD ./src/crp.o
LOAD ./src/mm-test.o
LOAD ./src/sysinit.o
LOAD /home/marcel/LPCXpresso/workspace/lpc_chip_11cxx_lib/Debug/liblpc_chip_11cxx_lib.a
START GROUP
LOAD /usr/local/lpcxpresso_8.0.0_526/lpcxpresso/tools/bin/../lib/gcc/arm-none-eabi/4.9.3/../../../../arm-none-eabi/lib/armv6-m/libcr_c.a
LOAD /usr/local/lpcxpresso_8.0.0_526/lpcxpresso/tools/bin/../lib/gcc/arm-none-eabi/4.9.3/armv6-m/libcr_eabihelpers.a
END GROUP
                0x00000000                __base_MFlash64 = 0x0
                0x00000000                __base_Flash = 0x0
                0x00010000                __top_MFlash64 = 0x10000
                0x00010000                __top_Flash = 0x10000
                0x10000000                __base_RamLoc8 = 0x10000000
                0x10000000                __base_RAM = 0x10000000
                0x10002000                __top_RamLoc8 = 0x10002000
                0x10002000                __top_RAM = 0x10002000

.text           0x00000000      0xa08
 FILL mask 0xff
                0x00000000                __vectors_start__ = ABSOLUTE (.)
 *(.isr_vector)
 .isr_vector    0x00000000       0xc0 ./src/cr_startup_lpc11xx.o
                0x00000000                g_pfnVectors
                0x000000c0                . = ALIGN (0x4)
                0x000000c0                __section_table_start = .
                0x000000c0                __data_section_table = .
                0x000000c0        0x4 LONG 0xa08 LOADADDR (.data)
                0x000000c4        0x4 LONG 0x10000000 ADDR (.data)
                0x000000c8        0x4 LONG 0x0 SIZEOF (.data)
                0x000000cc                __data_section_table_end = .
                0x000000cc                __bss_section_table = .
                0x000000cc        0x4 LONG 0x10000000 ADDR (.bss)
                0x000000d0        0x4 LONG 0xc SIZEOF (.bss)
                0x000000d4                __bss_section_table_end = .
                0x000000d4                __section_table_end = .
 *(.after_vectors*)
 .after_vectors
                0x000000d4      0x128 ./src/cr_startup_lpc11xx.o
                0x000000d4                data_init
                0x00000114                bss_init
                0x00000148                ResetISR
                0x000001cc                NMI_Handler
                0x000001d4                HardFault_Handler
                0x000001dc                SVC_Handler
                0x000001e4                PendSV_Handler
                0x000001f4                TIMER16_0_IRQHandler
                0x000001f4                UART_IRQHandler
                0x000001f4                TIMER32_0_IRQHandler
                0x000001f4                TIMER32_1_IRQHandler
                0x000001f4                IntDefaultHandler
                0x000001f4                PIOINT1_IRQHandler
                0x000001f4                CAN_IRQHandler
                0x000001f4                SSP0_IRQHandler
                0x000001f4                TIMER16_1_IRQHandler
                0x000001f4                ADC_IRQHandler
                0x000001f4                SSP1_IRQHandler
                0x000001f4                PIOINT2_IRQHandler
                0x000001f4                BOD_IRQHandler
                0x000001f4                WAKEUP_IRQHandler
                0x000001f4                PIOINT0_IRQHandler
                0x000001f4                I2C_IRQHandler
                0x000001f4                WDT_IRQHandler
                0x000001f4                PIOINT3_IRQHandler
                0x000002fc                . = 0x2fc
 *fill*         0x000001fc      0x100 ff
                0x000002fc                PROVIDE (__CRP_WORD_START__, .)
 *(.crp)
 .crp           0x000002fc        0x4 ./src/crp.o
                0x000002fc                CRP_WORD
                0x00000300                PROVIDE (__CRP_WORD_END__, .)
                0x00000001                ASSERT (! ((__CRP_WORD_START__ == __CRP_WORD_END__)), Linker CRP Enabled, but no CRP_WORD provided within application)
 *(.text*)
 .text.NVIC_SetPriority
                0x00000300       0xd4 ./src/mm-test.o
 .text.SysTick_Config
                0x000003d4       0x4c ./src/mm-test.o
 .text.Chip_GPIO_SetPinDIROutput
                0x00000420       0x4c ./src/mm-test.o
 .text.Chip_GPIO_SetPinToggle
                0x0000046c       0x5c ./src/mm-test.o
 .text.SysTick_Handler
                0x000004c8       0x38 ./src/mm-test.o
                0x000004c8                SysTick_Handler
 .text.main     0x00000500       0x4c ./src/mm-test.o
                0x00000500                main
 .text.SystemInit
                0x0000054c        0xc ./src/sysinit.o
                0x0000054c                SystemInit
 .text.SystemCoreClockUpdate
                0x00000558       0x18 /home/marcel/LPCXpresso/workspace/lpc_chip_11cxx_lib/Debug/liblpc_chip_11cxx_lib.a(chip_11xx.o)
                0x00000558                SystemCoreClockUpdate
 .text.Chip_Clock_GetMainOscRate
                0x00000570       0x14 /home/marcel/LPCXpresso/workspace/lpc_chip_11cxx_lib/Debug/liblpc_chip_11cxx_lib.a(clock_11xx.o)
 .text.Chip_Clock_GetIntOscRate
                0x00000584       0x10 /home/marcel/LPCXpresso/workspace/lpc_chip_11cxx_lib/Debug/liblpc_chip_11cxx_lib.a(clock_11xx.o)
 .text.Chip_Clock_GetWDTLFORate
                0x00000594       0x48 /home/marcel/LPCXpresso/workspace/lpc_chip_11cxx_lib/Debug/liblpc_chip_11cxx_lib.a(clock_11xx.o)
 .text.Chip_Clock_GetPLLFreq
                0x000005dc       0x24 /home/marcel/LPCXpresso/workspace/lpc_chip_11cxx_lib/Debug/liblpc_chip_11cxx_lib.a(clock_11xx.o)
 .text.Chip_Clock_SetSystemPLLSource
                0x00000600       0x2c /home/marcel/LPCXpresso/workspace/lpc_chip_11cxx_lib/Debug/liblpc_chip_11cxx_lib.a(clock_11xx.o)
                0x00000600                Chip_Clock_SetSystemPLLSource
 .text.Chip_Clock_SetMainClockSource
                0x0000062c       0x2c /home/marcel/LPCXpresso/workspace/lpc_chip_11cxx_lib/Debug/liblpc_chip_11cxx_lib.a(clock_11xx.o)
                0x0000062c                Chip_Clock_SetMainClockSource
 .text.Chip_Clock_GetWDTOSCRate
                0x00000658       0x1c /home/marcel/LPCXpresso/workspace/lpc_chip_11cxx_lib/Debug/liblpc_chip_11cxx_lib.a(clock_11xx.o)
                0x00000658                Chip_Clock_GetWDTOSCRate
 .text.Chip_Clock_GetSystemPLLInClockRate
                0x00000674       0x40 /home/marcel/LPCXpresso/workspace/lpc_chip_11cxx_lib/Debug/liblpc_chip_11cxx_lib.a(clock_11xx.o)
                0x00000674                Chip_Clock_GetSystemPLLInClockRate
 .text.Chip_Clock_GetSystemPLLOutClockRate
                0x000006b4       0x24 /home/marcel/LPCXpresso/workspace/lpc_chip_11cxx_lib/Debug/liblpc_chip_11cxx_lib.a(clock_11xx.o)
                0x000006b4                Chip_Clock_GetSystemPLLOutClockRate
 .text.Chip_Clock_GetMainClockRate
                0x000006d8       0x64 /home/marcel/LPCXpresso/workspace/lpc_chip_11cxx_lib/Debug/liblpc_chip_11cxx_lib.a(clock_11xx.o)
                0x000006d8                Chip_Clock_GetMainClockRate
 .text.Chip_Clock_GetSystemClockRate
                0x0000073c       0x24 /home/marcel/LPCXpresso/workspace/lpc_chip_11cxx_lib/Debug/liblpc_chip_11cxx_lib.a(clock_11xx.o)
                0x0000073c                Chip_Clock_GetSystemClockRate
 .text.Chip_Clock_EnablePeriphClock
                0x00000760       0x30 /home/marcel/LPCXpresso/workspace/lpc_chip_11cxx_lib/Debug/liblpc_chip_11cxx_lib.a(gpio_11xx_2.o)
 .text.Chip_GPIO_Init
                0x00000790       0x14 /home/marcel/LPCXpresso/workspace/lpc_chip_11cxx_lib/Debug/liblpc_chip_11cxx_lib.a(gpio_11xx_2.o)
                0x00000790                Chip_GPIO_Init
 .text.Chip_FMC_SetFLASHAccess
                0x000007a4       0x2c /home/marcel/LPCXpresso/workspace/lpc_chip_11cxx_lib/Debug/liblpc_chip_11cxx_lib.a(sysinit_11xx.o)
 .text.Chip_Clock_SetupSystemPLL
                0x000007d0       0x34 /home/marcel/LPCXpresso/workspace/lpc_chip_11cxx_lib/Debug/liblpc_chip_11cxx_lib.a(sysinit_11xx.o)
 .text.Chip_Clock_IsSystemPLLLocked
                0x00000804       0x1c /home/marcel/LPCXpresso/workspace/lpc_chip_11cxx_lib/Debug/liblpc_chip_11cxx_lib.a(sysinit_11xx.o)
 .text.Chip_Clock_SetSysClockDiv
                0x00000820       0x18 /home/marcel/LPCXpresso/workspace/lpc_chip_11cxx_lib/Debug/liblpc_chip_11cxx_lib.a(sysinit_11xx.o)
 .text.Chip_Clock_EnablePeriphClock
                0x00000838       0x30 /home/marcel/LPCXpresso/workspace/lpc_chip_11cxx_lib/Debug/liblpc_chip_11cxx_lib.a(sysinit_11xx.o)
 .text.Chip_SystemInit
                0x00000868       0x5c /home/marcel/LPCXpresso/workspace/lpc_chip_11cxx_lib/Debug/liblpc_chip_11cxx_lib.a(sysinit_11xx.o)
                0x00000868                Chip_SystemInit
 .text.Chip_SYSCTL_PowerDown
                0x000008c4       0x3c /home/marcel/LPCXpresso/workspace/lpc_chip_11cxx_lib/Debug/liblpc_chip_11cxx_lib.a(sysctl_11xx.o)
                0x000008c4                Chip_SYSCTL_PowerDown
 .text.Chip_SYSCTL_PowerUp
                0x00000900       0x40 /home/marcel/LPCXpresso/workspace/lpc_chip_11cxx_lib/Debug/liblpc_chip_11cxx_lib.a(sysctl_11xx.o)
                0x00000900                Chip_SYSCTL_PowerUp
 .text.__weak_main
                0x00000940        0x8 /usr/local/lpcxpresso_8.0.0_526/lpcxpresso/tools/bin/../lib/gcc/arm-none-eabi/4.9.3/../../../../arm-none-eabi/lib/armv6-m/libcr_c.a(__weak__main.o)
                0x00000940                __main
                0x00000940                __weak_main
 .text.__aeabi_division_idivmod
                0x00000948       0x78 /usr/local/lpcxpresso_8.0.0_526/lpcxpresso/tools/bin/../lib/gcc/arm-none-eabi/4.9.3/armv6-m/libcr_eabihelpers.a(division_32.o)
                0x00000948                __aeabi_idiv
                0x00000948                __aeabi_idivmod
                0x0000094e                __aeabi_uidiv
                0x0000094e                __aeabi_uidivmod
 .text.__aeabi_division_idiv0
                0x000009c0        0x2 /usr/local/lpcxpresso_8.0.0_526/lpcxpresso/tools/bin/../lib/gcc/arm-none-eabi/4.9.3/armv6-m/libcr_eabihelpers.a(division_idiv0.o)
                0x000009c0                __aeabi_idiv0
 *(.rodata .rodata.* .constdata .constdata.*)
 *fill*         0x000009c2        0x2 
 .rodata.OscRateIn
                0x000009c4        0x4 ./src/sysinit.o
                0x000009c4                OscRateIn
 .rodata.wdtOSCRate
                0x000009c8       0x40 /home/marcel/LPCXpresso/workspace/lpc_chip_11cxx_lib/Debug/liblpc_chip_11cxx_lib.a(clock_11xx.o)
                0x00000a08                . = ALIGN (0x4)

.glue_7         0x00000a08        0x0
 .glue_7        0x00000000        0x0 linker stubs

.glue_7t        0x00000a08        0x0
 .glue_7t       0x00000000        0x0 linker stubs

.vfp11_veneer   0x00000a08        0x0
 .vfp11_veneer  0x00000000        0x0 linker stubs

.v4_bx          0x00000a08        0x0
 .v4_bx         0x00000000        0x0 linker stubs

.iplt           0x00000a08        0x0
 .iplt          0x00000000        0x0 ./src/cr_startup_lpc11xx.o

.rel.dyn        0x00000a08        0x0
 .rel.iplt      0x00000000        0x0 ./src/cr_startup_lpc11xx.o

.ARM.extab
 *(.ARM.extab* .gnu.linkonce.armextab.*)
                0x00000a08                __exidx_start = .

.ARM.exidx
 *(.ARM.exidx* .gnu.linkonce.armexidx.*)
                0x00000a08                __exidx_end = .
                0x00000a08                _etext = .

.uninit_RESERVED
                0x10000000        0x0
 *(.bss.$RESERVED*)
                0x10000000                . = ALIGN (0x4)
                0x10000000                _end_uninit_RESERVED = .

.data           0x10000000        0x0 load address 0x00000a08
 FILL mask 0xff
                0x10000000                _data = .
 *(vtable)
 *(.ramfunc*)
 *(.data*)
                0x10000000                . = ALIGN (0x4)
                0x10000000                _edata = .

.igot.plt       0x10000000        0x0 load address 0x00000a08
 .igot.plt      0x00000000        0x0 ./src/cr_startup_lpc11xx.o

.bss            0x10000000        0xc load address 0x00000a08
                0x10000000                _bss = .
 *(.bss*)
 .bss.timer1.5693
                0x10000000        0x4 ./src/mm-test.o
 .bss.i.5697    0x10000004        0x4 ./src/mm-test.o
 *(COMMON)
 COMMON         0x10000008        0x4 /home/marcel/LPCXpresso/workspace/lpc_chip_11cxx_lib/Debug/liblpc_chip_11cxx_lib.a(chip_11xx.o)
                0x10000008                SystemCoreClock
                0x1000000c                . = ALIGN (0x4)
                0x1000000c                _ebss = .
                0x1000000c                PROVIDE (end, .)

.noinit         0x1000000c        0x0 load address 0x00000a08
                0x1000000c                _noinit = .
 *(.noinit*)
                0x1000000c                . = ALIGN (0x4)
                0x1000000c                _end_noinit = .
                0x1000000c                PROVIDE (_pvHeapStart, DEFINED (__user_heap_base)?__user_heap_base:.)
                0x10002000                PROVIDE (_vStackTop, DEFINED (__user_stack_top)?__user_stack_top:(__top_RamLoc8 - 0x0))
                0xefffdb15                PROVIDE (__valid_user_code_checksum, (0x0 - (((_vStackTop + (ResetISR + 0x1)) + (DEFINED (NMI_Handler)?NMI_Handler:M0_NMI_Handler + 0x1)) + (DEFINED (HardFault_Handler)?HardFault_Handler:M0_HardFault_Handler + 0x1))))
OUTPUT(mm-test.axf elf32-littlearm)

.debug_info     0x00000000     0x2a69
 .debug_info    0x00000000      0x1fe ./src/cr_startup_lpc11xx.o
 .debug_info    0x000001fe       0x3f ./src/crp.o
 .debug_info    0x0000023d      0x5aa ./src/mm-test.o
 .debug_info    0x000007e7       0xc8 ./src/sysinit.o
 .debug_info    0x000008af       0xc2 /home/marcel/LPCXpresso/workspace/lpc_chip_11cxx_lib/Debug/liblpc_chip_11cxx_lib.a(chip_11xx.o)
 .debug_info    0x00000971      0x86f /home/marcel/LPCXpresso/workspace/lpc_chip_11cxx_lib/Debug/liblpc_chip_11cxx_lib.a(clock_11xx.o)
 .debug_info    0x000011e0      0xb30 /home/marcel/LPCXpresso/workspace/lpc_chip_11cxx_lib/Debug/liblpc_chip_11cxx_lib.a(gpio_11xx_2.o)
 .debug_info    0x00001d10      0x7d6 /home/marcel/LPCXpresso/workspace/lpc_chip_11cxx_lib/Debug/liblpc_chip_11cxx_lib.a(sysinit_11xx.o)
 .debug_info    0x000024e6      0x583 /home/marcel/LPCXpresso/workspace/lpc_chip_11cxx_lib/Debug/liblpc_chip_11cxx_lib.a(sysctl_11xx.o)

.debug_abbrev   0x00000000      0x9ba
 .debug_abbrev  0x00000000       0xe6 ./src/cr_startup_lpc11xx.o
 .debug_abbrev  0x000000e6       0x36 ./src/crp.o
 .debug_abbrev  0x0000011c      0x21d ./src/mm-test.o
 .debug_abbrev  0x00000339       0x6a ./src/sysinit.o
 .debug_abbrev  0x000003a3       0x7b /home/marcel/LPCXpresso/workspace/lpc_chip_11cxx_lib/Debug/liblpc_chip_11cxx_lib.a(chip_11xx.o)
 .debug_abbrev  0x0000041e      0x1bc /home/marcel/LPCXpresso/workspace/lpc_chip_11cxx_lib/Debug/liblpc_chip_11cxx_lib.a(clock_11xx.o)
 .debug_abbrev  0x000005da      0x1a5 /home/marcel/LPCXpresso/workspace/lpc_chip_11cxx_lib/Debug/liblpc_chip_11cxx_lib.a(gpio_11xx_2.o)
 .debug_abbrev  0x0000077f      0x16d /home/marcel/LPCXpresso/workspace/lpc_chip_11cxx_lib/Debug/liblpc_chip_11cxx_lib.a(sysinit_11xx.o)
 .debug_abbrev  0x000008ec       0xce /home/marcel/LPCXpresso/workspace/lpc_chip_11cxx_lib/Debug/liblpc_chip_11cxx_lib.a(sysctl_11xx.o)

.debug_aranges  0x00000000      0x2b8
 .debug_aranges
                0x00000000       0x60 ./src/cr_startup_lpc11xx.o
 .debug_aranges
                0x00000060       0x18 ./src/crp.o
 .debug_aranges
                0x00000078       0x48 ./src/mm-test.o
 .debug_aranges
                0x000000c0       0x20 ./src/sysinit.o
 .debug_aranges
                0x000000e0       0x20 /home/marcel/LPCXpresso/workspace/lpc_chip_11cxx_lib/Debug/liblpc_chip_11cxx_lib.a(chip_11xx.o)
 .debug_aranges
                0x00000100       0x88 /home/marcel/LPCXpresso/workspace/lpc_chip_11cxx_lib/Debug/liblpc_chip_11cxx_lib.a(clock_11xx.o)
 .debug_aranges
                0x00000188       0xb0 /home/marcel/LPCXpresso/workspace/lpc_chip_11cxx_lib/Debug/liblpc_chip_11cxx_lib.a(gpio_11xx_2.o)
 .debug_aranges
                0x00000238       0x48 /home/marcel/LPCXpresso/workspace/lpc_chip_11cxx_lib/Debug/liblpc_chip_11cxx_lib.a(sysinit_11xx.o)
 .debug_aranges
                0x00000280       0x38 /home/marcel/LPCXpresso/workspace/lpc_chip_11cxx_lib/Debug/liblpc_chip_11cxx_lib.a(sysctl_11xx.o)

.debug_ranges   0x00000000      0x220
 .debug_ranges  0x00000000       0x50 ./src/cr_startup_lpc11xx.o
 .debug_ranges  0x00000050       0x38 ./src/mm-test.o
 .debug_ranges  0x00000088       0x10 ./src/sysinit.o
 .debug_ranges  0x00000098       0x10 /home/marcel/LPCXpresso/workspace/lpc_chip_11cxx_lib/Debug/liblpc_chip_11cxx_lib.a(chip_11xx.o)
 .debug_ranges  0x000000a8       0x78 /home/marcel/LPCXpresso/workspace/lpc_chip_11cxx_lib/Debug/liblpc_chip_11cxx_lib.a(clock_11xx.o)
 .debug_ranges  0x00000120       0xa0 /home/marcel/LPCXpresso/workspace/lpc_chip_11cxx_lib/Debug/liblpc_chip_11cxx_lib.a(gpio_11xx_2.o)
 .debug_ranges  0x000001c0       0x38 /home/marcel/LPCXpresso/workspace/lpc_chip_11cxx_lib/Debug/liblpc_chip_11cxx_lib.a(sysinit_11xx.o)
 .debug_ranges  0x000001f8       0x28 /home/marcel/LPCXpresso/workspace/lpc_chip_11cxx_lib/Debug/liblpc_chip_11cxx_lib.a(sysctl_11xx.o)

.debug_macro    0x00000000     0x300e
 .debug_macro   0x00000000       0x1d ./src/cr_startup_lpc11xx.o
 .debug_macro   0x0000001d      0x83e ./src/cr_startup_lpc11xx.o
 .debug_macro   0x0000085b       0x1a ./src/crp.o
 .debug_macro   0x00000875       0x34 ./src/crp.o
 .debug_macro   0x000008a9      0x151 ./src/mm-test.o
 .debug_macro   0x000009fa       0x10 ./src/mm-test.o
 .debug_macro   0x00000a0a      0x12d ./src/mm-test.o
 .debug_macro   0x00000b37      0x5b2 ./src/mm-test.o
 .debug_macro   0x000010e9       0x22 ./src/mm-test.o
 .debug_macro   0x0000110b       0x7b ./src/mm-test.o
 .debug_macro   0x00001186       0x10 ./src/mm-test.o
 .debug_macro   0x00001196       0x1f ./src/mm-test.o
 .debug_macro   0x000011b5       0x3a ./src/mm-test.o
 .debug_macro   0x000011ef      0x241 ./src/mm-test.o
 .debug_macro   0x00001430      0x117 ./src/mm-test.o
 .debug_macro   0x00001547       0x22 ./src/mm-test.o
 .debug_macro   0x00001569       0xb2 ./src/mm-test.o
 .debug_macro   0x0000161b       0x10 ./src/mm-test.o
 .debug_macro   0x0000162b      0x137 ./src/mm-test.o
 .debug_macro   0x00001762       0x4c ./src/mm-test.o
 .debug_macro   0x000017ae       0x16 ./src/mm-test.o
 .debug_macro   0x000017c4      0x31a ./src/mm-test.o
 .debug_macro   0x00001ade       0x2e ./src/mm-test.o
 .debug_macro   0x00001b0c       0xb8 ./src/mm-test.o
 .debug_macro   0x00001bc4       0x11 ./src/mm-test.o
 .debug_macro   0x00001bd5       0x7c ./src/mm-test.o
 .debug_macro   0x00001c51      0x21c ./src/mm-test.o
 .debug_macro   0x00001e6d      0x113 ./src/mm-test.o
 .debug_macro   0x00001f80       0x82 ./src/mm-test.o
 .debug_macro   0x00002002      0x148 ./src/sysinit.o
 .debug_macro   0x0000214a      0x148 /home/marcel/LPCXpresso/workspace/lpc_chip_11cxx_lib/Debug/liblpc_chip_11cxx_lib.a(chip_11xx.o)
 .debug_macro   0x00002292      0x832 /home/marcel/LPCXpresso/workspace/lpc_chip_11cxx_lib/Debug/liblpc_chip_11cxx_lib.a(chip_11xx.o)
 .debug_macro   0x00002ac4      0x148 /home/marcel/LPCXpresso/workspace/lpc_chip_11cxx_lib/Debug/liblpc_chip_11cxx_lib.a(clock_11xx.o)
 .debug_macro   0x00002c0c      0x148 /home/marcel/LPCXpresso/workspace/lpc_chip_11cxx_lib/Debug/liblpc_chip_11cxx_lib.a(gpio_11xx_2.o)
 .debug_macro   0x00002d54      0x148 /home/marcel/LPCXpresso/workspace/lpc_chip_11cxx_lib/Debug/liblpc_chip_11cxx_lib.a(sysinit_11xx.o)
 .debug_macro   0x00002e9c      0x172 /home/marcel/LPCXpresso/workspace/lpc_chip_11cxx_lib/Debug/liblpc_chip_11cxx_lib.a(sysctl_11xx.o)

.debug_line     0x00000000     0x1884
 .debug_line    0x00000000       0xba ./src/cr_startup_lpc11xx.o
 .debug_line    0x000000ba       0x7c ./src/crp.o
 .debug_line    0x00000136      0x395 ./src/mm-test.o
 .debug_line    0x000004cb      0x2b7 ./src/sysinit.o
 .debug_line    0x00000782      0x2b9 /home/marcel/LPCXpresso/workspace/lpc_chip_11cxx_lib/Debug/liblpc_chip_11cxx_lib.a(chip_11xx.o)
 .debug_line    0x00000a3b      0x3e4 /home/marcel/LPCXpresso/workspace/lpc_chip_11cxx_lib/Debug/liblpc_chip_11cxx_lib.a(clock_11xx.o)
 .debug_line    0x00000e1f      0x43f /home/marcel/LPCXpresso/workspace/lpc_chip_11cxx_lib/Debug/liblpc_chip_11cxx_lib.a(gpio_11xx_2.o)
 .debug_line    0x0000125e      0x330 /home/marcel/LPCXpresso/workspace/lpc_chip_11cxx_lib/Debug/liblpc_chip_11cxx_lib.a(sysinit_11xx.o)
 .debug_line    0x0000158e      0x2f6 /home/marcel/LPCXpresso/workspace/lpc_chip_11cxx_lib/Debug/liblpc_chip_11cxx_lib.a(sysctl_11xx.o)

.debug_str      0x00000000     0x94fd
 .debug_str     0x00000000     0x24d8 ./src/cr_startup_lpc11xx.o
                               0x24eb (size before relaxing)
 .debug_str     0x000024d8       0xe9 ./src/crp.o
                               0x244d (size before relaxing)
 .debug_str     0x000025c1     0x6028 ./src/mm-test.o
                               0x84a2 (size before relaxing)
 .debug_str     0x000085e9       0x1b ./src/sysinit.o
                               0x7d2a (size before relaxing)
 .debug_str     0x00008604       0x64 /home/marcel/LPCXpresso/workspace/lpc_chip_11cxx_lib/Debug/liblpc_chip_11cxx_lib.a(chip_11xx.o)
                               0x7d1b (size before relaxing)
 .debug_str     0x00008668      0x7ca /home/marcel/LPCXpresso/workspace/lpc_chip_11cxx_lib/Debug/liblpc_chip_11cxx_lib.a(clock_11xx.o)
                               0x84df (size before relaxing)
 .debug_str     0x00008e32      0x3f6 /home/marcel/LPCXpresso/workspace/lpc_chip_11cxx_lib/Debug/liblpc_chip_11cxx_lib.a(gpio_11xx_2.o)
                               0x83bd (size before relaxing)
 .debug_str     0x00009228      0x136 /home/marcel/LPCXpresso/workspace/lpc_chip_11cxx_lib/Debug/liblpc_chip_11cxx_lib.a(sysinit_11xx.o)
                               0x8382 (size before relaxing)
 .debug_str     0x0000935e      0x19f /home/marcel/LPCXpresso/workspace/lpc_chip_11cxx_lib/Debug/liblpc_chip_11cxx_lib.a(sysctl_11xx.o)
                               0x8129 (size before relaxing)

.comment        0x00000000       0xe0
 .comment       0x00000000       0x70 ./src/cr_startup_lpc11xx.o
                                 0x71 (size before relaxing)
 .comment       0x00000000       0x71 ./src/crp.o
 .comment       0x00000000       0x71 ./src/mm-test.o
 .comment       0x00000000       0x71 ./src/sysinit.o
 .comment       0x00000000       0x71 /home/marcel/LPCXpresso/workspace/lpc_chip_11cxx_lib/Debug/liblpc_chip_11cxx_lib.a(chip_11xx.o)
 .comment       0x00000000       0x71 /home/marcel/LPCXpresso/workspace/lpc_chip_11cxx_lib/Debug/liblpc_chip_11cxx_lib.a(clock_11xx.o)
 .comment       0x00000000       0x71 /home/marcel/LPCXpresso/workspace/lpc_chip_11cxx_lib/Debug/liblpc_chip_11cxx_lib.a(gpio_11xx_2.o)
 .comment       0x00000000       0x71 /home/marcel/LPCXpresso/workspace/lpc_chip_11cxx_lib/Debug/liblpc_chip_11cxx_lib.a(sysinit_11xx.o)
 .comment       0x00000000       0x71 /home/marcel/LPCXpresso/workspace/lpc_chip_11cxx_lib/Debug/liblpc_chip_11cxx_lib.a(sysctl_11xx.o)
 .comment       0x00000070       0x70 /usr/local/lpcxpresso_8.0.0_526/lpcxpresso/tools/bin/../lib/gcc/arm-none-eabi/4.9.3/../../../../arm-none-eabi/lib/armv6-m/libcr_c.a(__weak__main.o)
                                 0x71 (size before relaxing)

.ARM.attributes
                0x00000000       0x2f
 .ARM.attributes
                0x00000000       0x31 ./src/cr_startup_lpc11xx.o
 .ARM.attributes
                0x00000031       0x31 ./src/crp.o
 .ARM.attributes
                0x00000062       0x31 ./src/mm-test.o
 .ARM.attributes
                0x00000093       0x31 ./src/sysinit.o
 .ARM.attributes
                0x000000c4       0x31 /home/marcel/LPCXpresso/workspace/lpc_chip_11cxx_lib/Debug/liblpc_chip_11cxx_lib.a(chip_11xx.o)
 .ARM.attributes
                0x000000f5       0x31 /home/marcel/LPCXpresso/workspace/lpc_chip_11cxx_lib/Debug/liblpc_chip_11cxx_lib.a(clock_11xx.o)
 .ARM.attributes
                0x00000126       0x31 /home/marcel/LPCXpresso/workspace/lpc_chip_11cxx_lib/Debug/liblpc_chip_11cxx_lib.a(gpio_11xx_2.o)
 .ARM.attributes
                0x00000157       0x31 /home/marcel/LPCXpresso/workspace/lpc_chip_11cxx_lib/Debug/liblpc_chip_11cxx_lib.a(sysinit_11xx.o)
 .ARM.attributes
                0x00000188       0x31 /home/marcel/LPCXpresso/workspace/lpc_chip_11cxx_lib/Debug/liblpc_chip_11cxx_lib.a(sysctl_11xx.o)
 .ARM.attributes
                0x000001b9       0x31 /usr/local/lpcxpresso_8.0.0_526/lpcxpresso/tools/bin/../lib/gcc/arm-none-eabi/4.9.3/../../../../arm-none-eabi/lib/armv6-m/libcr_c.a(__weak__main.o)
 .ARM.attributes
                0x000001ea       0x21 /usr/local/lpcxpresso_8.0.0_526/lpcxpresso/tools/bin/../lib/gcc/arm-none-eabi/4.9.3/armv6-m/libcr_eabihelpers.a(division_32.o)
 .ARM.attributes
                0x0000020b       0x21 /usr/local/lpcxpresso_8.0.0_526/lpcxpresso/tools/bin/../lib/gcc/arm-none-eabi/4.9.3/armv6-m/libcr_eabihelpers.a(division_idiv0.o)

.debug_frame    0x00000000      0x7c4
 .debug_frame   0x00000000      0x118 ./src/cr_startup_lpc11xx.o
 .debug_frame   0x00000118       0xcc ./src/mm-test.o
 .debug_frame   0x000001e4       0x2c ./src/sysinit.o
 .debug_frame   0x00000210       0x2c /home/marcel/LPCXpresso/workspace/lpc_chip_11cxx_lib/Debug/liblpc_chip_11cxx_lib.a(chip_11xx.o)
 .debug_frame   0x0000023c      0x1c0 /home/marcel/LPCXpresso/workspace/lpc_chip_11cxx_lib/Debug/liblpc_chip_11cxx_lib.a(clock_11xx.o)
 .debug_frame   0x000003fc      0x270 /home/marcel/LPCXpresso/workspace/lpc_chip_11cxx_lib/Debug/liblpc_chip_11cxx_lib.a(gpio_11xx_2.o)
 .debug_frame   0x0000066c       0xc8 /home/marcel/LPCXpresso/workspace/lpc_chip_11cxx_lib/Debug/liblpc_chip_11cxx_lib.a(sysinit_11xx.o)
 .debug_frame   0x00000734       0x90 /home/marcel/LPCXpresso/workspace/lpc_chip_11cxx_lib/Debug/liblpc_chip_11cxx_lib.a(sysctl_11xx.o)
